---
source: crates/baml_tests/src/generated_tests.rs
---
=== COMPILER2 DIAGNOSTICS ===
  [hir] warning: `generator lang_python` is ignored: code generators are configured in `baml.toml` now. Move it to a `[generator.<name>]` section in baml.toml.
   ╭─[ valid_generator.baml:3:1 ]
   │
 3 │ generator lang_python {
   │ ──────────┬──────────  
   │           ╰──────────── move this to baml.toml
   │ 
   │ Note: Error code: E0017
───╯

  [hir] warning: `generator lang_typescript` is ignored: code generators are configured in `baml.toml` now. Move it to a `[generator.<name>]` section in baml.toml.
    ╭─[ valid_generator.baml:10:1 ]
    │
 10 │ generator lang_typescript {
    │ ────────────┬────────────  
    │             ╰────────────── move this to baml.toml
    │ 
    │ Note: Error code: E0017
────╯

  [type] error: type mismatch: expected baml.llm.Client, got null
    ╭─[ valid_generator.baml:19:2 ]
    │
 19 │ ╭─▶ }
    ┆ ┆   
 24 │ ├─▶ }
    │ │       
    │ ╰─────── type mismatch: expected baml.llm.Client, got null
    │     
    │     Note: Error code: E0001
────╯

  [type] error: type mismatch: expected baml.llm.Client, got null
    ╭─[ valid_generator.baml:21:30 ]
    │
 21 │ ╭─▶ function GetUser() -> MyClass {
    ┆ ┆   
 24 │ ├─▶ }
    │ │       
    │ ╰─────── type mismatch: expected baml.llm.Client, got null
    │     
    │     Note: Error code: E0001
────╯

  [parse] error: Expected Only 'client' and 'prompt' allowed in LLM function, found '<', found '<'
    ╭─[ valid_generator.baml:22:11 ]
    │
 22 │     client<llm> MyClient
    │           ┬  
    │           ╰── Expected Only 'client' and 'prompt' allowed in LLM function, found '<', found '<'
    │ 
    │ Note: Error code: E0010
────╯

  [parse] error: Expected client name, found '<'
    ╭─[ valid_generator.baml:22:11 ]
    │
 22 │     client<llm> MyClient
    │           ┬  
    │           ╰── Expected client name, found '<'
    │ 
    │ Note: Error code: E0010
────╯

  [parse] error: Expected Only 'client' and 'prompt' allowed in LLM function, found 'llm', found identifier
    ╭─[ valid_generator.baml:22:12 ]
    │
 22 │     client<llm> MyClient
    │            ─┬─  
    │             ╰─── Expected Only 'client' and 'prompt' allowed in LLM function, found 'llm', found identifier
    │ 
    │ Note: Error code: E0010
────╯

  [parse] error: Expected Only 'client' and 'prompt' allowed in LLM function, found '>', found '>'
    ╭─[ valid_generator.baml:22:15 ]
    │
 22 │     client<llm> MyClient
    │               ┬  
    │               ╰── Expected Only 'client' and 'prompt' allowed in LLM function, found '>', found '>'
    │ 
    │ Note: Error code: E0010
────╯

  [parse] error: Expected Only 'client' and 'prompt' allowed in LLM function, found 'MyClient', found identifier
    ╭─[ valid_generator.baml:22:17 ]
    │
 22 │     client<llm> MyClient
    │                 ────┬───  
    │                     ╰───── Expected Only 'client' and 'prompt' allowed in LLM function, found 'MyClient', found identifier
    │ 
    │ Note: Error code: E0010
────╯
